{
  "defaults": {
    "FormField": {
      "enabled": true,
      "visible": false,
      "custom": "abc"
    }
  },
  "objectTypeHierarchy": {
    "Widget": {
      "Action": {
        "Menu": null,
        "TableControl": null
      },
      "FormField": {
        "TableField": {
          "CustomTableField": null
        }
      },
      "Tile": null
    }
  }
}
